../Core/Src/main.c:46:6:start	8	static
../Core/Src/main.c:55:6:tur_init	8	static
../Core/Src/main.c:65:6:controler	24	static
../Core/Src/main.c:159:5:main	208	static
../Core/Src/main.c:218:6:SystemClock_Config	96	static
../Core/Src/main.c:263:13:MX_TIM1_Init	112	static
../Core/Src/main.c:355:13:MX_TIM2_Init	64	static
../Core/Src/main.c:418:13:MX_USART2_UART_Init	8	static
../Core/Src/main.c:451:13:MX_DMA_Init	16	static
../Core/Src/main.c:472:13:MX_GPIO_Init	16	static
../Core/Src/main.c:488:6:Error_Handler	4	static,ignoring_inline_asm
